// Jest Snapshot v1, https://goo.gl/fbAQLP

exports[`set submit button label 'Saving...' when saving is true 1`] = `
<form
  onSubmit={[MockFunction]}
>
  <h2>
    Edit
     Course
  </h2>
  <div
    className="form-group has-error"
  >
    <label
      htmlFor="title"
    >
      Title
      <div
        className="field"
      >
        <input
          className="form-control"
          label="Title"
          name="title"
          onChange={[MockFunction]}
          placeholder="Course title"
          type="text"
          value="Securing React Apps with Auth0"
        />
      </div>
    </label>
  </div>
  <div
    className="form-group"
  >
    <label
      htmlFor="authorId"
    >
      Author
    </label>
    <div
      className="field"
    >
      <select
        className="form-control"
        name="authorId"
        onChange={[MockFunction]}
        value={1}
      >
        <option
          value=""
        >
          Select Author
        </option>
        <option
          value={1}
        >
          Cory House
        </option>
        <option
          value={2}
        >
          Scott Allen
        </option>
        <option
          value={3}
        >
          Dan Wahlin
        </option>
      </select>
    </div>
  </div>
  <div
    className="form-group has-error"
  >
    <label
      htmlFor="category"
    >
      Category
      <div
        className="field"
      >
        <input
          className="form-control"
          label="Category"
          name="category"
          onChange={[MockFunction]}
          placeholder="Course category"
          type="text"
          value="JavaScript"
        />
      </div>
    </label>
  </div>
  <button
    className="btn btn-primary"
    disabled={true}
    type="submit"
  >
    Saving...
  </button>
</form>
`;
